Testcontext >  model::warn just a Test
Nested Context >  app nother Test
Testcontext >  app Final test
